ubuntu@ip-172-31-80-194:~$ sudo -i
root@ip-172-31-80-194:~# apt-add-repository ppa:webupd8team/java
 Oracle Java (JDK) Installer (automatically downloads and installs Oracle JDK8). There are no actual Java files in this PPA.

Important -> Why Oracle Java 7 And 6 Installers No Longer Work: http://www.webupd8.org/2017/06/why-oracle-java-7-and-6-installers-no.html

Update: Oracle Java 9 has reached end of life: http://www.oracle.com/technetwork/java/javase/downloads/jdk9-downloads-3848520.html

The PPA supports Ubuntu 18.10, 18.04, 16.04, 14.04 and 12.04.

More info (and Ubuntu installation instructions):
- http://www.webupd8.org/2012/09/install-oracle-java-8-in-ubuntu-via-ppa.html

Debian installation instructions:
- Oracle Java 8: http://www.webupd8.org/2014/03/how-to-install-oracle-java-8-in-debian.html

For Oracle Java 11, see a different PPA -> https://www.linuxuprising.com/2018/10/how-to-install-oracle-java-11-in-ubuntu.html
 More info: https://launchpad.net/~webupd8team/+archive/ubuntu/java
Press [ENTER] to continue or Ctrl-c to cancel adding it.

Hit:1 http://us-east-1.ec2.archive.ubuntu.com/ubuntu bionic InRelease
Get:2 http://us-east-1.ec2.archive.ubuntu.com/ubuntu bionic-updates InRelease [88.7 kB]
Get:3 http://us-east-1.ec2.archive.ubuntu.com/ubuntu bionic-backports InRelease [74.6 kB]
Get:4 http://us-east-1.ec2.archive.ubuntu.com/ubuntu bionic/restricted Sources [5324 B]
Get:5 http://us-east-1.ec2.archive.ubuntu.com/ubuntu bionic/universe Sources [9051 kB]
Get:6 http://ppa.launchpad.net/webupd8team/java/ubuntu bionic InRelease [15.4 kB]
Get:7 http://security.ubuntu.com/ubuntu bionic-security InRelease [83.2 kB]
Get:8 http://us-east-1.ec2.archive.ubuntu.com/ubuntu bionic/main Sources [829 kB]
Get:9 http://us-east-1.ec2.archive.ubuntu.com/ubuntu bionic/multiverse Sources [181 kB]
Get:10 http://us-east-1.ec2.archive.ubuntu.com/ubuntu bionic/universe amd64 Packages [8570 kB]
Get:11 http://us-east-1.ec2.archive.ubuntu.com/ubuntu bionic/universe Translation-en [4941 kB]
Get:12 http://us-east-1.ec2.archive.ubuntu.com/ubuntu bionic/multiverse amd64 Packages [151 kB]
Get:13 http://us-east-1.ec2.archive.ubuntu.com/ubuntu bionic/multiverse Translation-en [108 kB]
Get:14 http://us-east-1.ec2.archive.ubuntu.com/ubuntu bionic-updates/main Sources [224 kB]
Get:15 http://us-east-1.ec2.archive.ubuntu.com/ubuntu bionic-updates/universe Sources [121 kB]
Get:16 http://us-east-1.ec2.archive.ubuntu.com/ubuntu bionic-updates/multiverse Sources [3824 B]
Get:17 http://us-east-1.ec2.archive.ubuntu.com/ubuntu bionic-updates/restricted Sources [2064 B]
Get:18 http://us-east-1.ec2.archive.ubuntu.com/ubuntu bionic-updates/main amd64 Packages [476 kB]
Get:19 http://us-east-1.ec2.archive.ubuntu.com/ubuntu bionic-updates/main Translation-en [177 kB]
Get:20 http://us-east-1.ec2.archive.ubuntu.com/ubuntu bionic-updates/restricted amd64 Packages [6992 B]
Get:21 http://us-east-1.ec2.archive.ubuntu.com/ubuntu bionic-updates/restricted Translation-en [3076 B]
Get:22 http://us-east-1.ec2.archive.ubuntu.com/ubuntu bionic-updates/universe amd64 Packages [706 kB]
Get:23 http://us-east-1.ec2.archive.ubuntu.com/ubuntu bionic-updates/universe Translation-en [171 kB]
Get:24 http://us-east-1.ec2.archive.ubuntu.com/ubuntu bionic-updates/multiverse amd64 Packages [6372 B]
Get:25 http://us-east-1.ec2.archive.ubuntu.com/ubuntu bionic-updates/multiverse Translation-en [3356 B]
Get:26 http://us-east-1.ec2.archive.ubuntu.com/ubuntu bionic-backports/universe Sources [2068 B]
Get:27 http://us-east-1.ec2.archive.ubuntu.com/ubuntu bionic-backports/universe amd64 Packages [3468 B]
Get:28 http://us-east-1.ec2.archive.ubuntu.com/ubuntu bionic-backports/universe Translation-en [1604 B]
Get:29 http://ppa.launchpad.net/webupd8team/java/ubuntu bionic/main amd64 Packages [1556 B]
Get:30 http://ppa.launchpad.net/webupd8team/java/ubuntu bionic/main Translation-en [928 B]
Get:31 http://security.ubuntu.com/ubuntu bionic-security/universe Sources [28.6 kB]
Get:32 http://security.ubuntu.com/ubuntu bionic-security/multiverse Sources [1336 B]
Get:33 http://security.ubuntu.com/ubuntu bionic-security/main Sources [66.7 kB]
Get:34 http://security.ubuntu.com/ubuntu bionic-security/main amd64 Packages [235 kB]
Get:35 http://security.ubuntu.com/ubuntu bionic-security/main Translation-en [88.9 kB]
Get:36 http://security.ubuntu.com/ubuntu bionic-security/universe amd64 Packages [110 kB]
Get:37 http://security.ubuntu.com/ubuntu bionic-security/universe Translation-en [62.2 kB]
Get:38 http://security.ubuntu.com/ubuntu bionic-security/multiverse amd64 Packages [1440 B]
Get:39 http://security.ubuntu.com/ubuntu bionic-security/multiverse Translation-en [996 B]
Fetched 26.6 MB in 5s (5374 kB/s)
Reading package lists... Done
root@ip-172-31-80-194:~# apt-get update
Hit:1 http://us-east-1.ec2.archive.ubuntu.com/ubuntu bionic InRelease
Hit:2 http://us-east-1.ec2.archive.ubuntu.com/ubuntu bionic-updates InRelease
Hit:3 http://us-east-1.ec2.archive.ubuntu.com/ubuntu bionic-backports InRelease
Hit:4 http://security.ubuntu.com/ubuntu bionic-security InRelease
Hit:5 http://ppa.launchpad.net/webupd8team/java/ubuntu bionic InRelease
Reading package lists... Done
root@ip-172-31-80-194:~# apt-get install oracle-java8-installer
Reading package lists... Done
Building dependency tree
Reading state information... Done
The following additional packages will be installed:
  binutils binutils-common binutils-x86-64-linux-gnu gsfonts gsfonts-x11
  java-common libbinutils libfontenc1 oracle-java8-set-default x11-common
  xfonts-encodings xfonts-utils
Suggested packages:
  binutils-doc binfmt-support visualvm ttf-baekmuk | ttf-unfonts
  | ttf-unfonts-core ttf-kochi-gothic | ttf-sazanami-gothic ttf-kochi-mincho
  | ttf-sazanami-mincho ttf-arphic-uming firefox | firefox-2 | iceweasel
  | mozilla-firefox | iceape-browser | mozilla-browser | epiphany-gecko
  | epiphany-webkit | epiphany-browser | galeon | midbrowser
  | moblin-web-browser | xulrunner | xulrunner-1.9 | konqueror
  | chromium-browser | midori | google-chrome
The following NEW packages will be installed:
  binutils binutils-common binutils-x86-64-linux-gnu gsfonts gsfonts-x11
  java-common libbinutils libfontenc1 oracle-java8-installer
  oracle-java8-set-default x11-common xfonts-encodings xfonts-utils
0 upgraded, 13 newly installed, 0 to remove and 120 not upgraded.
Need to get 6430 kB of archives.
After this operation, 22.0 MB of additional disk space will be used.
Do you want to continue? [Y/n] y
Get:1 http://us-east-1.ec2.archive.ubuntu.com/ubuntu bionic-updates/main amd64 binutils-common amd64 2.30-21ubuntu1~18.04 [193 kB]
Get:2 http://us-east-1.ec2.archive.ubuntu.com/ubuntu bionic-updates/main amd64 libbinutils amd64 2.30-21ubuntu1~18.04 [502 kB]
Get:3 http://us-east-1.ec2.archive.ubuntu.com/ubuntu bionic-updates/main amd64 binutils-x86-64-linux-gnu amd64 2.30-21ubuntu1~18.04 [1855 kB]
Get:4 http://us-east-1.ec2.archive.ubuntu.com/ubuntu bionic-updates/main amd64 binutils amd64 2.30-21ubuntu1~18.04 [3392 B]
Get:5 http://us-east-1.ec2.archive.ubuntu.com/ubuntu bionic/main amd64 java-common all 0.63ubuntu1~02 [7032 B]
Get:6 http://us-east-1.ec2.archive.ubuntu.com/ubuntu bionic/main amd64 gsfonts all 1:8.11+urwcyr1.0.7~pre44-4.4 [3120 kB]
Get:7 http://us-east-1.ec2.archive.ubuntu.com/ubuntu bionic/main amd64 libfontenc1 amd64 1:1.1.3-1 [13.9 kB]
Get:8 http://us-east-1.ec2.archive.ubuntu.com/ubuntu bionic-updates/main amd64 x11-common all 1:7.7+19ubuntu7.1 [22.5 kB]
Get:9 http://us-east-1.ec2.archive.ubuntu.com/ubuntu bionic/main amd64 xfonts-encodings all 1:1.0.4-2 [573 kB]
Get:10 http://ppa.launchpad.net/webupd8team/java/ubuntu bionic/main amd64 oracle-java8-installer all 8u191-1~webupd8~1 [33.1 kB]
Get:11 http://us-east-1.ec2.archive.ubuntu.com/ubuntu bionic/main amd64 xfonts-utils amd64 1:7.7+6 [91.5 kB]
Get:12 http://us-east-1.ec2.archive.ubuntu.com/ubuntu bionic/universe amd64 gsfonts-x11 all 0.25 [7264 B]
Get:13 http://ppa.launchpad.net/webupd8team/java/ubuntu bionic/main amd64 oracle-java8-set-default all 8u191-1~webupd8~1 [6968 B]
Fetched 6430 kB in 0s (12.9 MB/s)
Preconfiguring packages ...
Selecting previously unselected package binutils-common:amd64.
(Reading database ... 56473 files and directories currently installed.)
Preparing to unpack .../binutils-common_2.30-21ubuntu1~18.04_amd64.deb ...
Unpacking binutils-common:amd64 (2.30-21ubuntu1~18.04) ...
Selecting previously unselected package libbinutils:amd64.
Preparing to unpack .../libbinutils_2.30-21ubuntu1~18.04_amd64.deb ...
Unpacking libbinutils:amd64 (2.30-21ubuntu1~18.04) ...
Selecting previously unselected package binutils-x86-64-linux-gnu.
Preparing to unpack .../binutils-x86-64-linux-gnu_2.30-21ubuntu1~18.04_amd64.deb ...
Unpacking binutils-x86-64-linux-gnu (2.30-21ubuntu1~18.04) ...
Selecting previously unselected package binutils.
Preparing to unpack .../binutils_2.30-21ubuntu1~18.04_amd64.deb ...
Unpacking binutils (2.30-21ubuntu1~18.04) ...
Selecting previously unselected package java-common.
Preparing to unpack .../java-common_0.63ubuntu1~02_all.deb ...
Unpacking java-common (0.63ubuntu1~02) ...
Setting up binutils-common:amd64 (2.30-21ubuntu1~18.04) ...
Setting up libbinutils:amd64 (2.30-21ubuntu1~18.04) ...
Setting up binutils-x86-64-linux-gnu (2.30-21ubuntu1~18.04) ...
Setting up binutils (2.30-21ubuntu1~18.04) ...
Selecting previously unselected package oracle-java8-installer.
(Reading database ... 56744 files and directories currently installed.)
Preparing to unpack .../oracle-java8-installer_8u191-1~webupd8~1_all.deb ...
Unpacking oracle-java8-installer (8u191-1~webupd8~1) ...
Setting up java-common (0.63ubuntu1~02) ...
Setting up oracle-java8-installer (8u191-1~webupd8~1) ...
No /var/cache/oracle-jdk8-installer/wgetrc file found.
Creating /var/cache/oracle-jdk8-installer/wgetrc and
using default oracle-java8-installer wgetrc settings for it.
Downloading Oracle Java 8...
--2018-12-27 08:08:30--  http://download.oracle.com/otn-pub/java/jdk/8u191-b12/2787e4a523244c269598db4e85c51e0c/jdk-8u191-linux-x64.tar.gz
Resolving download.oracle.com (download.oracle.com)... 23.52.164.194
Connecting to download.oracle.com (download.oracle.com)|23.52.164.194|:80... connected.
HTTP request sent, awaiting response... 302 Moved Temporarily
Location: https://edelivery.oracle.com/otn-pub/java/jdk/8u191-b12/2787e4a523244c269598db4e85c51e0c/jdk-8u191-linux-x64.tar.gz [following]
--2018-12-27 08:08:30--  https://edelivery.oracle.com/otn-pub/java/jdk/8u191-b12/2787e4a523244c269598db4e85c51e0c/jdk-8u191-linux-x64.tar.gz
Resolving edelivery.oracle.com (edelivery.oracle.com)... 104.119.18.128, 2600:1408:10:297::2d3e, 2600:1408:10:286::2d3e
Connecting to edelivery.oracle.com (edelivery.oracle.com)|104.119.18.128|:443... connected.
HTTP request sent, awaiting response... 302 Moved Temporarily
Location: http://download.oracle.com/otn-pub/java/jdk/8u191-b12/2787e4a523244c269598db4e85c51e0c/jdk-8u191-linux-x64.tar.gz?AuthParam=1545898230_0b5649579431fbae1c951a63116e2c06 [following]
--2018-12-27 08:08:30--  http://download.oracle.com/otn-pub/java/jdk/8u191-b12/2787e4a523244c269598db4e85c51e0c/jdk-8u191-linux-x64.tar.gz?AuthParam=1545898230_0b5649579431fbae1c951a63116e2c06
Connecting to download.oracle.com (download.oracle.com)|23.52.164.194|:80... connected.
HTTP request sent, awaiting response... 301 Moved Permanently
Location: https://download.oracle.com/otn-pub/java/jdk/8u191-b12/2787e4a523244c269598db4e85c51e0c/jdk-8u191-linux-x64.tar.gz?AuthParam=1545898230_0b5649579431fbae1c951a63116e2c06 [following]
--2018-12-27 08:08:30--  https://download.oracle.com/otn-pub/java/jdk/8u191-b12/2787e4a523244c269598db4e85c51e0c/jdk-8u191-linux-x64.tar.gz?AuthParam=1545898230_0b5649579431fbae1c951a63116e2c06
Connecting to download.oracle.com (download.oracle.com)|23.52.164.194|:443... connected.
HTTP request sent, awaiting response... 200 OK
Length: 191753373 (183M) [application/x-gzip]
Saving to: ‘jdk-8u191-linux-x64.tar.gz’

     0K ........ ........ ........ ........ ........ ........  1% 32.4M 6s
  3072K ........ ........ ........ ........ ........ ........  3% 14.5M 9s
  6144K ........ ........ ........ ........ ........ ........  4% 54.5M 7s
  9216K ........ ........ ........ ........ ........ ........  6% 50.9M 6s
 12288K ........ ........ ........ ........ ........ ........  8% 50.1M 5s
 15360K ........ ........ ........ ........ ........ ........  9% 37.4M 5s
 18432K ........ ........ ........ ........ ........ ........ 11% 19.3M 5s
 21504K ........ ........ ........ ........ ........ ........ 13% 36.0M 5s
 24576K ........ ........ ........ ........ ........ ........ 14% 22.3M 5s
 27648K ........ ........ ........ ........ ........ ........ 16% 12.9M 6s
 30720K ........ ........ ........ ........ ........ ........ 18% 8.39M 7s
 33792K ........ ........ ........ ........ ........ ........ 19% 12.6M 7s
 36864K ........ ........ ........ ........ ........ ........ 21% 20.7M 7s
 39936K ........ ........ ........ ........ ........ ........ 22% 24.3M 7s
 43008K ........ ........ ........ ........ ........ ........ 24% 25.6M 7s
 46080K ........ ........ ........ ........ ........ ........ 26% 28.4M 6s
 49152K ........ ........ ........ ........ ........ ........ 27% 30.6M 6s
 52224K ........ ........ ........ ........ ........ ........ 29% 20.4M 6s
 55296K ........ ........ ........ ........ ........ ........ 31% 20.8M 6s
 58368K ........ ........ ........ ........ ........ ........ 32% 15.0M 6s
 61440K ........ ........ ........ ........ ........ ........ 34% 9.59M 6s
 64512K ........ ........ ........ ........ ........ ........ 36% 20.5M 6s
 67584K ........ ........ ........ ........ ........ ........ 37% 6.01M 6s
 70656K ........ ........ ........ ........ ........ ........ 39% 22.1M 6s
 73728K ........ ........ ........ ........ ........ ........ 41% 15.1M 6s
 76800K ........ ........ ........ ........ ........ ........ 42% 26.8M 6s
 79872K ........ ........ ........ ........ ........ ........ 44% 28.6M 5s
 82944K ........ ........ ........ ........ ........ ........ 45% 23.4M 5s
 86016K ........ ........ ........ ........ ........ ........ 47% 18.0M 5s
 89088K ........ ........ ........ ........ ........ ........ 49% 22.4M 5s
 92160K ........ ........ ........ ........ ........ ........ 50% 24.0M 5s
 95232K ........ ........ ........ ........ ........ ........ 52% 11.8M 5s
 98304K ........ ........ ........ ........ ........ ........ 54% 14.4M 5s
101376K ........ ........ ........ ........ ........ ........ 55% 14.7M 4s
104448K ........ ........ ........ ........ ........ ........ 57% 31.2M 4s
107520K ........ ........ ........ ........ ........ ........ 59% 24.8M 4s
110592K ........ ........ ........ ........ ........ ........ 60% 26.8M 4s
113664K ........ ........ ........ ........ ........ ........ 62% 28.7M 4s
116736K ........ ........ ........ ........ ........ ........ 63% 15.8M 3s
119808K ........ ........ ........ ........ ........ ........ 65% 7.48M 3s
122880K ........ ........ ........ ........ ........ ........ 67% 7.90M 3s
125952K ........ ........ ........ ........ ........ ........ 68% 13.3M 3s
129024K ........ ........ ........ ........ ........ ........ 70% 17.7M 3s
132096K ........ ........ ........ ........ ........ ........ 72% 10.7M 3s
135168K ........ ........ ........ ........ ........ ........ 73% 22.9M 3s
138240K ........ ........ ........ ........ ........ ........ 75% 15.9M 3s
141312K ........ ........ ........ ........ ........ ........ 77% 16.0M 2s
144384K ........ ........ ........ ........ ........ ........ 78% 17.9M 2s
147456K ........ ........ ........ ........ ........ ........ 80% 20.0M 2s
150528K ........ ........ ........ ........ ........ ........ 82% 23.1M 2s
153600K ........ ........ ........ ........ ........ ........ 83% 11.7M 2s
156672K ........ ........ ........ ........ ........ ........ 85% 12.6M 2s
159744K ........ ........ ........ ........ ........ ........ 86% 7.45M 1s
162816K ........ ........ ........ ........ ........ ........ 88% 14.5M 1s
165888K ........ ........ ........ ........ ........ ........ 90% 18.7M 1s
168960K ........ ........ ........ ........ ........ ........ 91% 21.8M 1s
172032K ........ ........ ........ ........ ........ ........ 93% 17.1M 1s
175104K ........ ........ ........ ........ ........ ........ 95% 10.2M 1s
178176K ........ ........ ........ ........ ........ ........ 96% 9.54M 0s
181248K ........ ........ ........ ........ ........ ........ 98% 15.7M 0s
184320K ........ ........ ........ ........ ........ .....   100% 19.4M=11s

2018-12-27 08:08:41 (16.4 MB/s) - ‘jdk-8u191-linux-x64.tar.gz’ saved [191753373/191753373]

Download done.
Removing outdated cached downloads...
update-alternatives: error: no alternatives for java
update-alternatives: using /usr/lib/jvm/java-8-oracle/jre/bin/ControlPanel to provide /usr/bin/ControlPanel (ControlPanel) in auto mode
update-alternatives: using /usr/lib/jvm/java-8-oracle/jre/bin/java to provide /usr/bin/java (java) in auto mode
update-alternatives: using /usr/lib/jvm/java-8-oracle/jre/bin/javaws to provide /usr/bin/javaws (javaws) in auto mode
update-alternatives: using /usr/lib/jvm/java-8-oracle/jre/bin/jcontrol to provide /usr/bin/jcontrol (jcontrol) in auto mode
update-alternatives: using /usr/lib/jvm/java-8-oracle/jre/bin/jjs to provide /usr/bin/jjs (jjs) in auto mode
update-alternatives: using /usr/lib/jvm/java-8-oracle/jre/bin/keytool to provide /usr/bin/keytool (keytool) in auto mode
update-alternatives: using /usr/lib/jvm/java-8-oracle/jre/bin/orbd to provide /usr/bin/orbd (orbd) in auto mode
update-alternatives: using /usr/lib/jvm/java-8-oracle/jre/bin/pack200 to provide /usr/bin/pack200 (pack200) in auto mode
update-alternatives: using /usr/lib/jvm/java-8-oracle/jre/bin/policytool to provide /usr/bin/policytool (policytool) in auto mode
update-alternatives: using /usr/lib/jvm/java-8-oracle/jre/bin/rmid to provide /usr/bin/rmid (rmid) in auto mode
update-alternatives: using /usr/lib/jvm/java-8-oracle/jre/bin/rmiregistry to provide /usr/bin/rmiregistry (rmiregistry) in auto mode
update-alternatives: using /usr/lib/jvm/java-8-oracle/jre/bin/servertool to provide /usr/bin/servertool (servertool) in auto mode
update-alternatives: using /usr/lib/jvm/java-8-oracle/jre/bin/tnameserv to provide /usr/bin/tnameserv (tnameserv) in auto mode
update-alternatives: using /usr/lib/jvm/java-8-oracle/jre/bin/unpack200 to provide /usr/bin/unpack200 (unpack200) in auto mode
update-alternatives: using /usr/lib/jvm/java-8-oracle/jre/lib/jexec to provide /usr/bin/jexec (jexec) in auto mode
update-alternatives: using /usr/lib/jvm/java-8-oracle/bin/appletviewer to provide /usr/bin/appletviewer (appletviewer) in auto mode
update-alternatives: using /usr/lib/jvm/java-8-oracle/bin/extcheck to provide /usr/bin/extcheck (extcheck) in auto mode
update-alternatives: using /usr/lib/jvm/java-8-oracle/bin/idlj to provide /usr/bin/idlj (idlj) in auto mode
update-alternatives: using /usr/lib/jvm/java-8-oracle/bin/jar to provide /usr/bin/jar (jar) in auto mode
update-alternatives: using /usr/lib/jvm/java-8-oracle/bin/jarsigner to provide /usr/bin/jarsigner (jarsigner) in auto mode
update-alternatives: using /usr/lib/jvm/java-8-oracle/bin/javac to provide /usr/bin/javac (javac) in auto mode
update-alternatives: using /usr/lib/jvm/java-8-oracle/bin/javadoc to provide /usr/bin/javadoc (javadoc) in auto mode
update-alternatives: using /usr/lib/jvm/java-8-oracle/bin/javafxpackager to provide /usr/bin/javafxpackager (javafxpackager) in auto mode
update-alternatives: using /usr/lib/jvm/java-8-oracle/bin/javah to provide /usr/bin/javah (javah) in auto mode
update-alternatives: using /usr/lib/jvm/java-8-oracle/bin/javap to provide /usr/bin/javap (javap) in auto mode
update-alternatives: using /usr/lib/jvm/java-8-oracle/bin/javapackager to provide /usr/bin/javapackager (javapackager) in auto mode
update-alternatives: using /usr/lib/jvm/java-8-oracle/bin/jcmd to provide /usr/bin/jcmd (jcmd) in auto mode
update-alternatives: using /usr/lib/jvm/java-8-oracle/bin/jconsole to provide /usr/bin/jconsole (jconsole) in auto mode
update-alternatives: using /usr/lib/jvm/java-8-oracle/bin/jdb to provide /usr/bin/jdb (jdb) in auto mode
update-alternatives: using /usr/lib/jvm/java-8-oracle/bin/jdeps to provide /usr/bin/jdeps (jdeps) in auto mode
update-alternatives: using /usr/lib/jvm/java-8-oracle/bin/jhat to provide /usr/bin/jhat (jhat) in auto mode
update-alternatives: using /usr/lib/jvm/java-8-oracle/bin/jinfo to provide /usr/bin/jinfo (jinfo) in auto mode
update-alternatives: using /usr/lib/jvm/java-8-oracle/bin/jmap to provide /usr/bin/jmap (jmap) in auto mode
update-alternatives: using /usr/lib/jvm/java-8-oracle/bin/jmc to provide /usr/bin/jmc (jmc) in auto mode
update-alternatives: using /usr/lib/jvm/java-8-oracle/bin/jps to provide /usr/bin/jps (jps) in auto mode
update-alternatives: using /usr/lib/jvm/java-8-oracle/bin/jrunscript to provide /usr/bin/jrunscript (jrunscript) in auto mode
update-alternatives: using /usr/lib/jvm/java-8-oracle/bin/jsadebugd to provide /usr/bin/jsadebugd (jsadebugd) in auto mode
update-alternatives: using /usr/lib/jvm/java-8-oracle/bin/jstack to provide /usr/bin/jstack (jstack) in auto mode
update-alternatives: using /usr/lib/jvm/java-8-oracle/bin/jstat to provide /usr/bin/jstat (jstat) in auto mode
update-alternatives: using /usr/lib/jvm/java-8-oracle/bin/jstatd to provide /usr/bin/jstatd (jstatd) in auto mode
update-alternatives: using /usr/lib/jvm/java-8-oracle/bin/jvisualvm to provide /usr/bin/jvisualvm (jvisualvm) in auto mode
update-alternatives: using /usr/lib/jvm/java-8-oracle/bin/native2ascii to provide /usr/bin/native2ascii (native2ascii) in auto mode
update-alternatives: using /usr/lib/jvm/java-8-oracle/bin/rmic to provide /usr/bin/rmic (rmic) in auto mode
update-alternatives: using /usr/lib/jvm/java-8-oracle/bin/schemagen to provide /usr/bin/schemagen (schemagen) in auto mode
update-alternatives: using /usr/lib/jvm/java-8-oracle/bin/serialver to provide /usr/bin/serialver (serialver) in auto mode
update-alternatives: using /usr/lib/jvm/java-8-oracle/bin/wsgen to provide /usr/bin/wsgen (wsgen) in auto mode
update-alternatives: using /usr/lib/jvm/java-8-oracle/bin/wsimport to provide /usr/bin/wsimport (wsimport) in auto mode
update-alternatives: using /usr/lib/jvm/java-8-oracle/bin/xjc to provide /usr/bin/xjc (xjc) in auto mode
update-alternatives: using /usr/lib/jvm/java-8-oracle/jre/lib/amd64/libnpjp2.so to provide /usr/lib/mozilla/plugins/libjavaplugin.so (mozilla-javaplugin.so) in auto mode
Oracle JDK 8 installed

#####Important########
To set Oracle JDK8 as default, install the "oracle-java8-set-default" package.
E.g.: sudo apt install oracle-java8-set-default
On Ubuntu systems, oracle-java8-set-default is most probably installed
automatically with this package.
######################

Selecting previously unselected package oracle-java8-set-default.
(Reading database ... 56783 files and directories currently installed.)
Preparing to unpack .../0-oracle-java8-set-default_8u191-1~webupd8~1_all.deb ...
Unpacking oracle-java8-set-default (8u191-1~webupd8~1) ...
Selecting previously unselected package gsfonts.
Preparing to unpack .../1-gsfonts_1%3a8.11+urwcyr1.0.7~pre44-4.4_all.deb ...
Unpacking gsfonts (1:8.11+urwcyr1.0.7~pre44-4.4) ...
Selecting previously unselected package libfontenc1:amd64.
Preparing to unpack .../2-libfontenc1_1%3a1.1.3-1_amd64.deb ...
Unpacking libfontenc1:amd64 (1:1.1.3-1) ...
Selecting previously unselected package x11-common.
Preparing to unpack .../3-x11-common_1%3a7.7+19ubuntu7.1_all.deb ...
dpkg-query: no packages found matching nux-tools
Unpacking x11-common (1:7.7+19ubuntu7.1) ...
Selecting previously unselected package xfonts-encodings.
Preparing to unpack .../4-xfonts-encodings_1%3a1.0.4-2_all.deb ...
Unpacking xfonts-encodings (1:1.0.4-2) ...
Selecting previously unselected package xfonts-utils.
Preparing to unpack .../5-xfonts-utils_1%3a7.7+6_amd64.deb ...
Unpacking xfonts-utils (1:7.7+6) ...
Selecting previously unselected package gsfonts-x11.
Preparing to unpack .../6-gsfonts-x11_0.25_all.deb ...
Unpacking gsfonts-x11 (0.25) ...
Processing triggers for mime-support (3.60ubuntu1) ...
Processing triggers for ureadahead (0.100.0-20) ...
Setting up gsfonts (1:8.11+urwcyr1.0.7~pre44-4.4) ...
Setting up oracle-java8-set-default (8u191-1~webupd8~1) ...
Processing triggers for libc-bin (2.27-3ubuntu1) ...
Processing triggers for systemd (237-3ubuntu10.3) ...
Setting up libfontenc1:amd64 (1:1.1.3-1) ...
Processing triggers for man-db (2.8.3-2) ...
Processing triggers for shared-mime-info (1.9-2) ...
Setting up x11-common (1:7.7+19ubuntu7.1) ...
update-rc.d: warning: start and stop actions are no longer supported; falling back to defaults
Setting up xfonts-encodings (1:1.0.4-2) ...
Setting up xfonts-utils (1:7.7+6) ...
Setting up gsfonts-x11 (0.25) ...
Processing triggers for libc-bin (2.27-3ubuntu1) ...
Processing triggers for ureadahead (0.100.0-20) ...
Processing triggers for systemd (237-3ubuntu10.3) ...
root@ip-172-31-80-194:~# java -version
java version "1.8.0_191"
Java(TM) SE Runtime Environment (build 1.8.0_191-b12)
Java HotSpot(TM) 64-Bit Server VM (build 25.191-b12, mixed mode)
root@ip-172-31-80-194:~# vi /etc/profile
root@ip-172-31-80-194:~# java -version
java version "1.8.0_191"
Java(TM) SE Runtime Environment (build 1.8.0_191-b12)
Java HotSpot(TM) 64-Bit Server VM (build 25.191-b12, mixed mode)
root@ip-172-31-80-194:~# update-alternatives --config java
There is 1 choice for the alternative java (providing /usr/bin/java).

  Selection    Path                                     Priority   Status
------------------------------------------------------------
  0            /usr/lib/jvm/java-8-oracle/jre/bin/java   1081      auto mode
* 1            /usr/lib/jvm/java-8-oracle/jre/bin/java   1081      manual mode

Press <enter> to keep the current choice[*], or type selection number: ^C
root@ip-172-31-80-194:~# ^C
root@ip-172-31-80-194:~# cd /opt
root@ip-172-31-80-194:/opt#
root@ip-172-31-80-194:/opt# ^C
root@ip-172-31-80-194:/opt# wget http://www-eu.apache.org/dist/maven/maven-3/3.5.3/binaries/apachemaven-3.5.3-bin.tar.gz
--2018-12-27 08:15:46--  http://www-eu.apache.org/dist/maven/maven-3/3.5.3/binaries/apachemaven-3.5.3-bin.tar.gz
Resolving www-eu.apache.org (www-eu.apache.org)... 95.216.24.32, 2a01:4f9:2a:185f::2
Connecting to www-eu.apache.org (www-eu.apache.org)|95.216.24.32|:80... connected.
HTTP request sent, awaiting response... 404 Not Found
2018-12-27 08:15:47 ERROR 404: Not Found.

root@ip-172-31-80-194:/opt# apt-get install maven
Reading package lists... Done
Building dependency tree
Reading state information... Done
The following additional packages will be installed:
  libaopalliance-java libapache-pom-java libatinject-jsr330-api-java
  libcdi-api-java libcommons-cli-java libcommons-io-java libcommons-lang3-java
  libcommons-parent-java libgeronimo-annotation-1.3-spec-java
  libgeronimo-interceptor-3.0-spec-java libguava-java libguice-java
  libhawtjni-runtime-java libjansi-java libjansi-native-java libjsr305-java
  libmaven-parent-java libmaven-resolver-java libmaven-shared-utils-java
  libmaven3-core-java libplexus-cipher-java libplexus-classworlds-java
  libplexus-component-annotations-java libplexus-interpolation-java
  libplexus-sec-dispatcher-java libplexus-utils2-java libsisu-inject-java
  libsisu-plexus-java libslf4j-java libwagon-file-java
  libwagon-http-shaded-java libwagon-provider-api-java
Suggested packages:
  libaopalliance-java-doc libatinject-jsr330-api-java-doc libservlet3.1-java
  libcommons-io-java-doc libcommons-lang3-java-doc libasm-java libcglib-java
  libjsr305-java-doc libmaven-shared-utils-java-doc liblogback-java
  libplexus-cipher-java-doc libplexus-classworlds-java-doc
  libplexus-interpolation-java-doc libplexus-sec-dispatcher-java-doc
  libplexus-utils2-java-doc junit4 testng libcommons-logging-java
  liblog4j1.2-java
The following NEW packages will be installed:
  libaopalliance-java libapache-pom-java libatinject-jsr330-api-java
  libcdi-api-java libcommons-cli-java libcommons-io-java libcommons-lang3-java
  libcommons-parent-java libgeronimo-annotation-1.3-spec-java
  libgeronimo-interceptor-3.0-spec-java libguava-java libguice-java
  libhawtjni-runtime-java libjansi-java libjansi-native-java libjsr305-java
  libmaven-parent-java libmaven-resolver-java libmaven-shared-utils-java
  libmaven3-core-java libplexus-cipher-java libplexus-classworlds-java
  libplexus-component-annotations-java libplexus-interpolation-java
  libplexus-sec-dispatcher-java libplexus-utils2-java libsisu-inject-java
  libsisu-plexus-java libslf4j-java libwagon-file-java
  libwagon-http-shaded-java libwagon-provider-api-java maven
0 upgraded, 33 newly installed, 0 to remove and 120 not upgraded.
Need to get 8875 kB of archives.
After this operation, 11.7 MB of additional disk space will be used.
Do you want to continue? [Y/n] y
Get:1 http://us-east-1.ec2.archive.ubuntu.com/ubuntu bionic/universe amd64 libapache-pom-java all 18-1 [4720 B]
Get:2 http://us-east-1.ec2.archive.ubuntu.com/ubuntu bionic/universe amd64 libatinject-jsr330-api-java all 1.0+ds1-5 [5348 B]
Get:3 http://us-east-1.ec2.archive.ubuntu.com/ubuntu bionic/universe amd64 libgeronimo-interceptor-3.0-spec-java all 1.0.1-4fakesync [8616 B]
Get:4 http://us-east-1.ec2.archive.ubuntu.com/ubuntu bionic/universe amd64 libcdi-api-java all 1.2-2 [54.5 kB]
Get:5 http://us-east-1.ec2.archive.ubuntu.com/ubuntu bionic/universe amd64 libcommons-cli-java all 1.4-1 [53.8 kB]
Get:6 http://us-east-1.ec2.archive.ubuntu.com/ubuntu bionic/universe amd64 libcommons-parent-java all 43-1 [10.8 kB]
Get:7 http://us-east-1.ec2.archive.ubuntu.com/ubuntu bionic/universe amd64 libcommons-io-java all 2.6-2 [198 kB]
Get:8 http://us-east-1.ec2.archive.ubuntu.com/ubuntu bionic/universe amd64 libcommons-lang3-java all 3.5-2ubuntu1 [438 kB]
Get:9 http://us-east-1.ec2.archive.ubuntu.com/ubuntu bionic/universe amd64 libgeronimo-annotation-1.3-spec-java all 1.0-1 [10.7 kB]
Get:10 http://us-east-1.ec2.archive.ubuntu.com/ubuntu bionic/universe amd64 libjsr305-java all 0.1~+svn49-10 [26.5 kB]
Get:11 http://us-east-1.ec2.archive.ubuntu.com/ubuntu bionic/universe amd64 libguava-java all 19.0-1 [2028 kB]
Get:12 http://us-east-1.ec2.archive.ubuntu.com/ubuntu bionic/universe amd64 libaopalliance-java all 20070526-6 [9084 B]
Get:13 http://us-east-1.ec2.archive.ubuntu.com/ubuntu bionic/universe amd64 libguice-java all 4.0-4 [853 kB]
Get:14 http://us-east-1.ec2.archive.ubuntu.com/ubuntu bionic/universe amd64 libhawtjni-runtime-java all 1.15-2 [27.1 kB]
Get:15 http://us-east-1.ec2.archive.ubuntu.com/ubuntu bionic/universe amd64 libjansi-native-java all 1.7-1 [19.4 kB]
Get:16 http://us-east-1.ec2.archive.ubuntu.com/ubuntu bionic/universe amd64 libjansi-java all 1.16-1 [36.2 kB]
Get:17 http://us-east-1.ec2.archive.ubuntu.com/ubuntu bionic/universe amd64 libmaven-parent-java all 27-2 [4450 B]
Get:18 http://us-east-1.ec2.archive.ubuntu.com/ubuntu bionic/universe amd64 libplexus-utils2-java all 3.0.24-3 [246 kB]
Get:19 http://us-east-1.ec2.archive.ubuntu.com/ubuntu bionic/universe amd64 libwagon-provider-api-java all 3.0.0-2 [48.2 kB]
Get:20 http://us-east-1.ec2.archive.ubuntu.com/ubuntu bionic/universe amd64 libmaven-resolver-java all 1.1.0-3 [548 kB]
Get:21 http://us-east-1.ec2.archive.ubuntu.com/ubuntu bionic/universe amd64 libmaven-shared-utils-java all 3.1.0-2 [146 kB]
Get:22 http://us-east-1.ec2.archive.ubuntu.com/ubuntu bionic/universe amd64 libplexus-cipher-java all 1.7-3 [15.1 kB]
Get:23 http://us-east-1.ec2.archive.ubuntu.com/ubuntu bionic/universe amd64 libplexus-classworlds-java all 2.5.2-2 [49.3 kB]
Get:24 http://us-east-1.ec2.archive.ubuntu.com/ubuntu bionic/universe amd64 libplexus-component-annotations-java all 1.7.1-7 [6596 B]
Get:25 http://us-east-1.ec2.archive.ubuntu.com/ubuntu bionic/universe amd64 libplexus-interpolation-java all 1.24-1 [73.4 kB]
Get:26 http://us-east-1.ec2.archive.ubuntu.com/ubuntu bionic/universe amd64 libplexus-sec-dispatcher-java all 1.4-3 [28.0 kB]
Get:27 http://us-east-1.ec2.archive.ubuntu.com/ubuntu bionic/universe amd64 libslf4j-java all 1.7.25-3 [141 kB]
Get:28 http://us-east-1.ec2.archive.ubuntu.com/ubuntu bionic/universe amd64 libsisu-inject-java all 0.3.2-2 [346 kB]
Get:29 http://us-east-1.ec2.archive.ubuntu.com/ubuntu bionic/universe amd64 libsisu-plexus-java all 0.3.3-3 [182 kB]
Get:30 http://us-east-1.ec2.archive.ubuntu.com/ubuntu bionic/universe amd64 libmaven3-core-java all 3.5.2-2 [1472 kB]
Get:31 http://us-east-1.ec2.archive.ubuntu.com/ubuntu bionic/universe amd64 libwagon-file-java all 3.0.0-2 [7960 B]
Get:32 http://us-east-1.ec2.archive.ubuntu.com/ubuntu bionic/universe amd64 libwagon-http-shaded-java all 3.0.0-2 [1757 kB]
Get:33 http://us-east-1.ec2.archive.ubuntu.com/ubuntu bionic/universe amd64 maven all 3.5.2-2 [19.2 kB]
Fetched 8875 kB in 0s (19.8 MB/s)
Extracting templates from packages: 100%
Selecting previously unselected package libapache-pom-java.
(Reading database ... 57082 files and directories currently installed.)
Preparing to unpack .../00-libapache-pom-java_18-1_all.deb ...
Unpacking libapache-pom-java (18-1) ...
Selecting previously unselected package libatinject-jsr330-api-java.
Preparing to unpack .../01-libatinject-jsr330-api-java_1.0+ds1-5_all.deb ...
Unpacking libatinject-jsr330-api-java (1.0+ds1-5) ...
Selecting previously unselected package libgeronimo-interceptor-3.0-spec-java.
Preparing to unpack .../02-libgeronimo-interceptor-3.0-spec-java_1.0.1-4fakesync_all.deb ...
Unpacking libgeronimo-interceptor-3.0-spec-java (1.0.1-4fakesync) ...
Selecting previously unselected package libcdi-api-java.
Preparing to unpack .../03-libcdi-api-java_1.2-2_all.deb ...
Unpacking libcdi-api-java (1.2-2) ...
Selecting previously unselected package libcommons-cli-java.
Preparing to unpack .../04-libcommons-cli-java_1.4-1_all.deb ...
Unpacking libcommons-cli-java (1.4-1) ...
Selecting previously unselected package libcommons-parent-java.
Preparing to unpack .../05-libcommons-parent-java_43-1_all.deb ...
Unpacking libcommons-parent-java (43-1) ...
Selecting previously unselected package libcommons-io-java.
Preparing to unpack .../06-libcommons-io-java_2.6-2_all.deb ...
Unpacking libcommons-io-java (2.6-2) ...
Selecting previously unselected package libcommons-lang3-java.
Preparing to unpack .../07-libcommons-lang3-java_3.5-2ubuntu1_all.deb ...
Unpacking libcommons-lang3-java (3.5-2ubuntu1) ...
Selecting previously unselected package libgeronimo-annotation-1.3-spec-java.
Preparing to unpack .../08-libgeronimo-annotation-1.3-spec-java_1.0-1_all.deb ...
Unpacking libgeronimo-annotation-1.3-spec-java (1.0-1) ...
Selecting previously unselected package libjsr305-java.
Preparing to unpack .../09-libjsr305-java_0.1~+svn49-10_all.deb ...
Unpacking libjsr305-java (0.1~+svn49-10) ...
Selecting previously unselected package libguava-java.
Preparing to unpack .../10-libguava-java_19.0-1_all.deb ...
Unpacking libguava-java (19.0-1) ...
Selecting previously unselected package libaopalliance-java.
Preparing to unpack .../11-libaopalliance-java_20070526-6_all.deb ...
Unpacking libaopalliance-java (20070526-6) ...
Selecting previously unselected package libguice-java.
Preparing to unpack .../12-libguice-java_4.0-4_all.deb ...
Unpacking libguice-java (4.0-4) ...
Selecting previously unselected package libhawtjni-runtime-java.
Preparing to unpack .../13-libhawtjni-runtime-java_1.15-2_all.deb ...
Unpacking libhawtjni-runtime-java (1.15-2) ...
Selecting previously unselected package libjansi-native-java.
Preparing to unpack .../14-libjansi-native-java_1.7-1_all.deb ...
Unpacking libjansi-native-java (1.7-1) ...
Selecting previously unselected package libjansi-java.
Preparing to unpack .../15-libjansi-java_1.16-1_all.deb ...
Unpacking libjansi-java (1.16-1) ...
Selecting previously unselected package libmaven-parent-java.
Preparing to unpack .../16-libmaven-parent-java_27-2_all.deb ...
Unpacking libmaven-parent-java (27-2) ...
Selecting previously unselected package libplexus-utils2-java.
Preparing to unpack .../17-libplexus-utils2-java_3.0.24-3_all.deb ...
Unpacking libplexus-utils2-java (3.0.24-3) ...
Selecting previously unselected package libwagon-provider-api-java.
Preparing to unpack .../18-libwagon-provider-api-java_3.0.0-2_all.deb ...
Unpacking libwagon-provider-api-java (3.0.0-2) ...
Selecting previously unselected package libmaven-resolver-java.
Preparing to unpack .../19-libmaven-resolver-java_1.1.0-3_all.deb ...
Unpacking libmaven-resolver-java (1.1.0-3) ...
Selecting previously unselected package libmaven-shared-utils-java.
Preparing to unpack .../20-libmaven-shared-utils-java_3.1.0-2_all.deb ...
Unpacking libmaven-shared-utils-java (3.1.0-2) ...
Selecting previously unselected package libplexus-cipher-java.
Preparing to unpack .../21-libplexus-cipher-java_1.7-3_all.deb ...
Unpacking libplexus-cipher-java (1.7-3) ...
Selecting previously unselected package libplexus-classworlds-java.
Preparing to unpack .../22-libplexus-classworlds-java_2.5.2-2_all.deb ...
Unpacking libplexus-classworlds-java (2.5.2-2) ...
Selecting previously unselected package libplexus-component-annotations-java.
Preparing to unpack .../23-libplexus-component-annotations-java_1.7.1-7_all.deb ...
Unpacking libplexus-component-annotations-java (1.7.1-7) ...
Selecting previously unselected package libplexus-interpolation-java.
Preparing to unpack .../24-libplexus-interpolation-java_1.24-1_all.deb ...
Unpacking libplexus-interpolation-java (1.24-1) ...
Selecting previously unselected package libplexus-sec-dispatcher-java.
Preparing to unpack .../25-libplexus-sec-dispatcher-java_1.4-3_all.deb ...
Unpacking libplexus-sec-dispatcher-java (1.4-3) ...
Selecting previously unselected package libslf4j-java.
Preparing to unpack .../26-libslf4j-java_1.7.25-3_all.deb ...
Unpacking libslf4j-java (1.7.25-3) ...
Selecting previously unselected package libsisu-inject-java.
Preparing to unpack .../27-libsisu-inject-java_0.3.2-2_all.deb ...
Unpacking libsisu-inject-java (0.3.2-2) ...
Selecting previously unselected package libsisu-plexus-java.
Preparing to unpack .../28-libsisu-plexus-java_0.3.3-3_all.deb ...
Unpacking libsisu-plexus-java (0.3.3-3) ...
Selecting previously unselected package libmaven3-core-java.
Preparing to unpack .../29-libmaven3-core-java_3.5.2-2_all.deb ...
Unpacking libmaven3-core-java (3.5.2-2) ...
Selecting previously unselected package libwagon-file-java.
Preparing to unpack .../30-libwagon-file-java_3.0.0-2_all.deb ...
Unpacking libwagon-file-java (3.0.0-2) ...
Selecting previously unselected package libwagon-http-shaded-java.
Preparing to unpack .../31-libwagon-http-shaded-java_3.0.0-2_all.deb ...
Unpacking libwagon-http-shaded-java (3.0.0-2) ...
Selecting previously unselected package maven.
Preparing to unpack .../32-maven_3.5.2-2_all.deb ...
Unpacking maven (3.5.2-2) ...
Setting up libslf4j-java (1.7.25-3) ...
Setting up libplexus-classworlds-java (2.5.2-2) ...
Setting up libhawtjni-runtime-java (1.15-2) ...
Setting up libplexus-cipher-java (1.7-3) ...
Setting up libplexus-interpolation-java (1.24-1) ...
Setting up libplexus-component-annotations-java (1.7.1-7) ...
Setting up libplexus-utils2-java (3.0.24-3) ...
Setting up libwagon-provider-api-java (3.0.0-2) ...
Setting up libjsr305-java (0.1~+svn49-10) ...
Setting up libgeronimo-interceptor-3.0-spec-java (1.0.1-4fakesync) ...
Setting up libmaven-resolver-java (1.1.0-3) ...
Setting up libjansi-native-java (1.7-1) ...
Setting up libwagon-http-shaded-java (3.0.0-2) ...
Setting up libapache-pom-java (18-1) ...
Setting up libatinject-jsr330-api-java (1.0+ds1-5) ...
Setting up libmaven-parent-java (27-2) ...
Setting up libaopalliance-java (20070526-6) ...
Setting up libgeronimo-annotation-1.3-spec-java (1.0-1) ...
Setting up libcommons-cli-java (1.4-1) ...
Setting up libplexus-sec-dispatcher-java (1.4-3) ...
Setting up libjansi-java (1.16-1) ...
Setting up libguava-java (19.0-1) ...
Setting up libwagon-file-java (3.0.0-2) ...
Setting up libcommons-parent-java (43-1) ...
Setting up libcdi-api-java (1.2-2) ...
Setting up libcommons-lang3-java (3.5-2ubuntu1) ...
Setting up libcommons-io-java (2.6-2) ...
Setting up libguice-java (4.0-4) ...
Setting up libmaven-shared-utils-java (3.1.0-2) ...
Setting up libsisu-inject-java (0.3.2-2) ...
Setting up libsisu-plexus-java (0.3.3-3) ...
Setting up libmaven3-core-java (3.5.2-2) ...
Setting up maven (3.5.2-2) ...
update-alternatives: using /usr/share/maven/bin/mvn to provide /usr/bin/mvn (mvn) in auto mode
root@ip-172-31-80-194:/opt# mvn -version
Apache Maven 3.5.2
Maven home: /usr/share/maven
Java version: 1.8.0_191, vendor: Oracle Corporation
Java home: /usr/lib/jvm/java-8-oracle/jre
Default locale: en, platform encoding: UTF-8
OS name: "linux", version: "4.15.0-1021-aws", arch: "amd64", family: "unix"
root@ip-172-31-80-194:/opt# ls
root@ip-172-31-80-194:/opt# cd ..
root@ip-172-31-80-194:/# sudo -i
root@ip-172-31-80-194:~# cd /opt
root@ip-172-31-80-194:/opt# vi /etc/profile
root@ip-172-31-80-194:/opt# mvn -version
Apache Maven 3.5.2
Maven home: /usr/share/maven
Java version: 1.8.0_191, vendor: Oracle Corporation
Java home: /usr/lib/jvm/java-8-oracle/jre
Default locale: en, platform encoding: UTF-8
OS name: "linux", version: "4.15.0-1021-aws", arch: "amd64", family: "unix"
root@ip-172-31-80-194:/opt# cd ..
root@ip-172-31-80-194:/# sudo -i
root@ip-172-31-80-194:~# apt-get update
Hit:1 http://us-east-1.ec2.archive.ubuntu.com/ubuntu bionic InRelease
Hit:2 http://us-east-1.ec2.archive.ubuntu.com/ubuntu bionic-updates InRelease
Hit:3 http://us-east-1.ec2.archive.ubuntu.com/ubuntu bionic-backports InRelease
Get:4 http://security.ubuntu.com/ubuntu bionic-security InRelease [83.2 kB]
Hit:5 http://ppa.launchpad.net/webupd8team/java/ubuntu bionic InRelease
Fetched 83.2 kB in 0s (223 kB/s)
Reading package lists... Done
root@ip-172-31-80-194:~# apt-get install git
Reading package lists... Done
Building dependency tree
Reading state information... Done
Suggested packages:
  git-daemon-run | git-daemon-sysvinit git-doc git-el git-email git-gui gitk
  gitweb git-cvs git-mediawiki git-svn
The following packages will be upgraded:
  git
1 upgraded, 0 newly installed, 0 to remove and 119 not upgraded.
Need to get 3907 kB of archives.
After this operation, 20.5 kB of additional disk space will be used.
Get:1 http://us-east-1.ec2.archive.ubuntu.com/ubuntu bionic-updates/main amd64 git amd64 1:2.17.1-1ubuntu0.4 [3907 kB]
Fetched 3907 kB in 0s (28.4 MB/s)
(Reading database ... 58008 files and directories currently installed.)
Preparing to unpack .../git_1%3a2.17.1-1ubuntu0.4_amd64.deb ...
Unpacking git (1:2.17.1-1ubuntu0.4) over (1:2.17.1-1ubuntu0.1) ...
Setting up git (1:2.17.1-1ubuntu0.4) ...
root@ip-172-31-80-194:~# apt-get update
Hit:1 http://us-east-1.ec2.archive.ubuntu.com/ubuntu bionic InRelease
Hit:2 http://us-east-1.ec2.archive.ubuntu.com/ubuntu bionic-updates InRelease
Hit:3 http://us-east-1.ec2.archive.ubuntu.com/ubuntu bionic-backports InRelease
Get:4 http://security.ubuntu.com/ubuntu bionic-security InRelease [83.2 kB]
Hit:5 http://ppa.launchpad.net/webupd8team/java/ubuntu bionic InRelease
Fetched 83.2 kB in 0s (239 kB/s)
Reading package lists... Done
root@ip-172-31-80-194:~# wget -q -O - https://pkg.jenkins.io/debian/jenkins-ci.org.key | sudo apt-key add -
OK
root@ip-172-31-80-194:~# sudo sh -c 'echo deb http://pkg.jenkins.io/debian-stable binary/ >/etc/apt/sources.list.d/jenkins.list'
root@ip-172-31-80-194:~# apt-get update
Hit:1 http://us-east-1.ec2.archive.ubuntu.com/ubuntu bionic InRelease
Hit:2 http://us-east-1.ec2.archive.ubuntu.com/ubuntu bionic-updates InRelease
Hit:3 http://us-east-1.ec2.archive.ubuntu.com/ubuntu bionic-backports InRelease
Ign:4 http://pkg.jenkins.io/debian-stable binary/ InRelease
Get:5 http://pkg.jenkins.io/debian-stable binary/ Release [2042 B]
Get:6 http://pkg.jenkins.io/debian-stable binary/ Release.gpg [181 B]
Get:7 http://security.ubuntu.com/ubuntu bionic-security InRelease [83.2 kB]
Hit:8 http://ppa.launchpad.net/webupd8team/java/ubuntu bionic InRelease
Get:9 http://pkg.jenkins.io/debian-stable binary/ Packages [14.0 kB]
Fetched 99.5 kB in 0s (224 kB/s)
Reading package lists... Done
root@ip-172-31-80-194:~# apt-get install jenkins
Reading package lists... Done
Building dependency tree
Reading state information... Done
The following additional packages will be installed:
  daemon
The following NEW packages will be installed:
  daemon jenkins
0 upgraded, 2 newly installed, 0 to remove and 119 not upgraded.
Need to get 75.1 MB of archives.
After this operation, 76.3 MB of additional disk space will be used.
Do you want to continue? [Y/n] y
Get:1 http://us-east-1.ec2.archive.ubuntu.com/ubuntu bionic/universe amd64 daemon amd64 0.6.4-1build1 [99.5 kB]
Get:2 http://pkg.jenkins.io/debian-stable binary/ jenkins 2.150.1 [75.0 MB]
Fetched 75.1 MB in 5s (14.5 MB/s)
Selecting previously unselected package daemon.
(Reading database ... 58010 files and directories currently installed.)
Preparing to unpack .../daemon_0.6.4-1build1_amd64.deb ...
Unpacking daemon (0.6.4-1build1) ...
Selecting previously unselected package jenkins.
Preparing to unpack .../jenkins_2.150.1_all.deb ...
Unpacking jenkins (2.150.1) ...
Processing triggers for ureadahead (0.100.0-20) ...
Processing triggers for systemd (237-3ubuntu10.3) ...
Processing triggers for man-db (2.8.3-2) ...
Setting up daemon (0.6.4-1build1) ...
Setting up jenkins (2.150.1) ...
Processing triggers for ureadahead (0.100.0-20) ...
Processing triggers for systemd (237-3ubuntu10.3) ...
root@ip-172-31-80-194:~# jenkins -version
jenkins: command not found
root@ip-172-31-80-194:~# jenkins -v
jenkins: command not found
root@ip-172-31-80-194:~# jenkins --version
jenkins: command not found
root@ip-172-31-80-194:~# jenkins --v
jenkins: command not found
root@ip-172-31-80-194:~# service jenkins status
? jenkins.service - LSB: Start Jenkins at boot time
   Loaded: loaded (/etc/init.d/jenkins; generated)
   Active: active (exited) since Thu 2018-12-27 08:26:22 UTC; 1min 13s ago
     Docs: man:systemd-sysv-generator(8)
    Tasks: 0 (limit: 1152)
   CGroup: /system.slice/jenkins.service

Dec 27 08:26:21 ip-172-31-80-194 systemd[1]: Starting LSB: Start Jenkins at boot
Dec 27 08:26:21 ip-172-31-80-194 jenkins[5270]: Correct java version found
Dec 27 08:26:21 ip-172-31-80-194 jenkins[5270]:  * Starting Jenkins Automation S
Dec 27 08:26:21 ip-172-31-80-194 su[5316]: Successful su for jenkins by root
Dec 27 08:26:21 ip-172-31-80-194 su[5316]: + ??? root:jenkins
Dec 27 08:26:21 ip-172-31-80-194 su[5316]: pam_unix(su:session): session opened
Dec 27 08:26:21 ip-172-31-80-194 su[5316]: pam_unix(su:session): session closed
Dec 27 08:26:22 ip-172-31-80-194 jenkins[5270]:    ...done.
Dec 27 08:26:22 ip-172-31-80-194 systemd[1]: Started LSB: Start Jenkins at boot
lines 1-16/16 (END)
root@ip-172-31-80-194:~# vi /var/lib/jenkins/secrets/initialAdminPassword
root@ip-172-31-80-194:~# service jenkins status
? jenkins.service - LSB: Start Jenkins at boot time
   Loaded: loaded (/etc/init.d/jenkins; generated)
   Active: active (exited) since Thu 2018-12-27 08:26:22 UTC; 6min ago
     Docs: man:systemd-sysv-generator(8)
    Tasks: 0 (limit: 1152)
   CGroup: /system.slice/jenkins.service

Dec 27 08:26:21 ip-172-31-80-194 systemd[1]: Starting LSB: Start Jenkins at boot
Dec 27 08:26:21 ip-172-31-80-194 jenkins[5270]: Correct java version found
Dec 27 08:26:21 ip-172-31-80-194 jenkins[5270]:  * Starting Jenkins Automation S
Dec 27 08:26:21 ip-172-31-80-194 su[5316]: Successful su for jenkins by root
Dec 27 08:26:21 ip-172-31-80-194 su[5316]: + ??? root:jenkins
Dec 27 08:26:21 ip-172-31-80-194 su[5316]: pam_unix(su:session): session opened
Dec 27 08:26:21 ip-172-31-80-194 su[5316]: pam_unix(su:session): session closed
Dec 27 08:26:22 ip-172-31-80-194 jenkins[5270]:    ...done.
Dec 27 08:26:22 ip-172-31-80-194 systemd[1]: Started LSB: Start Jenkins at boot
lines 1-16/16 (END)
root@ip-172-31-80-194:~# service jenkins stop
root@ip-172-31-80-194:~# service jenkins start
root@ip-172-31-80-194:~# cat /var/lib/jenkins/secrets/initialAdminPassword
b0809e760ef94469876e160114938648
root@ip-172-31-80-194:~# ^C
root@ip-172-31-80-194:~# ^C
root@ip-172-31-80-194:~# ^C
root@ip-172-31-80-194:~# ^C
root@ip-172-31-80-194:~# ls
snap
root@ip-172-31-80-194:~# cd /etc/init/jenkins.conf
-bash: cd: /etc/init/jenkins.conf: No such file or directory
root@ip-172-31-80-194:~# cd /etc/init
-bash: cd: /etc/init: No such file or directory
root@ip-172-31-80-194:~# cd /etc
root@ip-172-31-80-194:/etc# ls
NetworkManager          hosts                   polkit-1
X11                     hosts.allow             pollinate
acpi                    hosts.deny              popularity-contest.conf
adduser.conf            init.d                  profile
alternatives            initramfs-tools         profile.d
apm                     inputrc                 protocols
apparmor                iproute2                python3
apparmor.d              iscsi                   python3.6
apport                  issue                   rc0.d
apt                     issue.net               rc1.d
at.deny                 java-8-oracle           rc2.d
bash.bashrc             kernel                  rc3.d
bash_completion         kernel-img.conf         rc4.d
bash_completion.d       landscape               rc5.d
bindresvport.blacklist  ld.so.cache             rc6.d
binfmt.d                ld.so.conf              rcS.d
byobu                   ld.so.conf.d            resolv.conf
ca-certificates         ldap                    rmt
ca-certificates.conf    legal                   rpc
calendar                libaudit.conf           rsyslog.conf
cloud                   locale.alias            rsyslog.d
console-setup           locale.gen              screenrc
cron.d                  localtime               securetty
cron.daily              logcheck                security
cron.hourly             login.defs              selinux
cron.monthly            logrotate.conf          services
cron.weekly             logrotate.d             shadow
crontab                 lsb-release             shadow-
cryptsetup-initramfs    ltrace.conf             shells
crypttab                lvm                     skel
daemon.conf             machine-id              sos.conf
dbus-1                  magic                   ssh
debconf.conf            magic.mime              ssl
debian_version          mailcap                 subgid
default                 mailcap.order           subgid-
deluser.conf            manpath.config          subuid
depmod.d                maven                   subuid-
dhcp                    mdadm                   sudoers
dnsmasq.d               mime.types              sudoers.d
dnsmasq.d-available     mke2fs.conf             sysctl.conf
dpkg                    modprobe.d              sysctl.d
ec2_version             modules                 systemd
environment             modules-load.d          terminfo
ethertypes              mtab                    timezone
fonts                   nanorc                  tmpfiles.d
fstab                   netplan                 ucf.conf
fuse.conf               network                 udev
gai.conf                networks                ufw
ghostscript             newt                    update-manager
groff                   nsswitch.conf           update-motd.d
group                   opt                     update-notifier
group-                  os-release              updatedb.conf
grub.d                  overlayroot.conf        vim
gshadow                 overlayroot.local.conf  vmware-tools
gshadow-                pam.conf                vtrgb
gss                     pam.d                   wgetrc
hdparm.conf             passwd                  xdg
hibagent-config.cfg     passwd-                 zsh_command_not_found
host.conf               perl
hostname                pm
root@ip-172-31-80-194:/etc# cd init
-bash: cd: init: No such file or directory
root@ip-172-31-80-194:/etc# cd init.d
root@ip-172-31-80-194:/etc/init.d# ls
acpid             grub-common        lvm2-lvmpolld   rsync
apparmor          hibagent           lxcfs           rsyslog
apport            hwclock.sh         lxd             screen-cleanup
atd               irqbalance         mdadm           ssh
console-setup.sh  iscsid             mdadm-waitidle  udev
cron              jenkins            open-iscsi      ufw
cryptdisks        keyboard-setup.sh  open-vm-tools   unattended-upgrades
cryptdisks-early  kmod               plymouth        uuidd
dbus              lvm2               plymouth-log    x11-common
ebtables          lvm2-lvmetad       procps
root@ip-172-31-80-194:/etc/init.d# cd ..
root@ip-172-31-80-194:/etc# cd ..
root@ip-172-31-80-194:/# sudo -i
root@ip-172-31-80-194:~# cd /vara/lib/jenkins
-bash: cd: /vara/lib/jenkins: No such file or directory































































copy the path and by using cat cmd paste it on putty
root@ip-172-31-80-194:~# cat /var/lib/jenkins/secrets/initialAdminPassword
b0809e760ef94469876e160114938648 (copy this and paste in the passwrd)